// Jest Snapshot v1, https://goo.gl/fbAQLP

exports[`Metrics Component renders correctly 1`] = `
<DocumentFragment>
  <div
    class="pf-v5-l-stack pf-m-gutter"
  >
    <div
      class="pf-v5-l-stack__item"
      style="position: sticky; top: 0px; z-index: 1;"
    >
      <section
        class="pf-v5-c-page__main-section pf-m-no-padding"
      >
        <div
          class="pf-v5-c-toolbar"
          data-ouia-component-id="OUIA-Generated-Toolbar-1"
          data-ouia-component-type="PF5/Toolbar"
          data-ouia-safe="true"
          id="pf-random-id-0"
        >
          <div
            class="pf-v5-c-toolbar__content"
          >
            <div
              class="pf-v5-c-toolbar__content-section"
            >
              <div
                class="pf-v5-c-toolbar__group"
              >
                <div
                  class="pf-v5-c-toolbar__item"
                >
                  <button
                    aria-expanded="false"
                    class="pf-v5-c-menu-toggle"
                    data-ouia-component-id="OUIA-Generated-MenuToggle-1"
                    data-ouia-component-type="PF5/MenuToggle"
                    data-ouia-safe="true"
                    type="button"
                  >
                    <span
                      class="pf-v5-c-menu-toggle__icon"
                    >
                      <div
                        style="display: contents;"
                      >
                        <span
                          class="sk-resource-icon sk-resource-site"
                          role="site-resource-icon"
                        >
                          S
                        </span>
                      </div>
                    </span>
                    <span
                      class="pf-v5-c-menu-toggle__text"
                    >
                      All source sites
                    </span>
                    <span
                      class="pf-v5-c-menu-toggle__controls"
                    >
                      <span
                        class="pf-v5-c-menu-toggle__toggle-icon"
                      >
                        <svg
                          aria-hidden="true"
                          class="pf-v5-svg"
                          fill="currentColor"
                          height="1em"
                          role="img"
                          viewBox="0 0 320 512"
                          width="1em"
                        >
                          <path
                            d="M31.3 192h257.3c17.8 0 26.7 21.5 14.1 34.1L174.1 354.8c-7.8 7.8-20.5 7.8-28.3 0L17.2 226.1C4.6 213.5 13.5 192 31.3 192z"
                          />
                        </svg>
                      </span>
                    </span>
                  </button>
                </div>
                <div
                  class="pf-v5-c-toolbar__item"
                >
                  <button
                    aria-expanded="false"
                    class="pf-v5-c-menu-toggle"
                    data-ouia-component-id="OUIA-Generated-MenuToggle-2"
                    data-ouia-component-type="PF5/MenuToggle"
                    data-ouia-safe="true"
                    type="button"
                  >
                    <span
                      class="pf-v5-c-menu-toggle__icon"
                    >
                      <div
                        style="display: contents;"
                      >
                        <span
                          class="sk-resource-icon sk-resource-process"
                          role="process-resource-icon"
                        >
                          P
                        </span>
                      </div>
                    </span>
                    <span
                      class="pf-v5-c-menu-toggle__text"
                    >
                      All source processes
                    </span>
                    <span
                      class="pf-v5-c-menu-toggle__controls"
                    >
                      <span
                        class="pf-v5-c-menu-toggle__toggle-icon"
                      >
                        <svg
                          aria-hidden="true"
                          class="pf-v5-svg"
                          fill="currentColor"
                          height="1em"
                          role="img"
                          viewBox="0 0 320 512"
                          width="1em"
                        >
                          <path
                            d="M31.3 192h257.3c17.8 0 26.7 21.5 14.1 34.1L174.1 354.8c-7.8 7.8-20.5 7.8-28.3 0L17.2 226.1C4.6 213.5 13.5 192 31.3 192z"
                          />
                        </svg>
                      </span>
                    </span>
                  </button>
                </div>
                <div
                  class="pf-v5-c-toolbar__item"
                >
                  <button
                    aria-expanded="false"
                    class="pf-v5-c-menu-toggle"
                    data-ouia-component-id="OUIA-Generated-MenuToggle-3"
                    data-ouia-component-type="PF5/MenuToggle"
                    data-ouia-safe="true"
                    type="button"
                  >
                    <span
                      class="pf-v5-c-menu-toggle__icon"
                    >
                      <div
                        style="display: contents;"
                      >
                        <span
                          class="sk-resource-icon sk-resource-site"
                          role="site-resource-icon"
                        >
                          S
                        </span>
                      </div>
                    </span>
                    <span
                      class="pf-v5-c-menu-toggle__text"
                    >
                      All connected sites
                    </span>
                    <span
                      class="pf-v5-c-menu-toggle__controls"
                    >
                      <span
                        class="pf-v5-c-menu-toggle__toggle-icon"
                      >
                        <svg
                          aria-hidden="true"
                          class="pf-v5-svg"
                          fill="currentColor"
                          height="1em"
                          role="img"
                          viewBox="0 0 320 512"
                          width="1em"
                        >
                          <path
                            d="M31.3 192h257.3c17.8 0 26.7 21.5 14.1 34.1L174.1 354.8c-7.8 7.8-20.5 7.8-28.3 0L17.2 226.1C4.6 213.5 13.5 192 31.3 192z"
                          />
                        </svg>
                      </span>
                    </span>
                  </button>
                </div>
                <div
                  class="pf-v5-c-toolbar__item"
                >
                  <button
                    aria-expanded="false"
                    class="pf-v5-c-menu-toggle"
                    data-ouia-component-id="OUIA-Generated-MenuToggle-4"
                    data-ouia-component-type="PF5/MenuToggle"
                    data-ouia-safe="true"
                    type="button"
                  >
                    <span
                      class="pf-v5-c-menu-toggle__icon"
                    >
                      <div
                        style="display: contents;"
                      >
                        <span
                          class="sk-resource-icon sk-resource-process"
                          role="process-resource-icon"
                        >
                          P
                        </span>
                      </div>
                    </span>
                    <span
                      class="pf-v5-c-menu-toggle__text"
                    >
                      All connected processes
                    </span>
                    <span
                      class="pf-v5-c-menu-toggle__controls"
                    >
                      <span
                        class="pf-v5-c-menu-toggle__toggle-icon"
                      >
                        <svg
                          aria-hidden="true"
                          class="pf-v5-svg"
                          fill="currentColor"
                          height="1em"
                          role="img"
                          viewBox="0 0 320 512"
                          width="1em"
                        >
                          <path
                            d="M31.3 192h257.3c17.8 0 26.7 21.5 14.1 34.1L174.1 354.8c-7.8 7.8-20.5 7.8-28.3 0L17.2 226.1C4.6 213.5 13.5 192 31.3 192z"
                          />
                        </svg>
                      </span>
                    </span>
                  </button>
                </div>
                <div
                  class="pf-v5-c-toolbar__item"
                >
                  <button
                    aria-expanded="false"
                    class="pf-v5-c-menu-toggle"
                    data-ouia-component-id="OUIA-Generated-MenuToggle-5"
                    data-ouia-component-type="PF5/MenuToggle"
                    data-ouia-safe="true"
                    type="button"
                  >
                    <span
                      class="pf-v5-c-menu-toggle__text"
                    >
                      All protocols
                    </span>
                    <span
                      class="pf-v5-c-menu-toggle__controls"
                    >
                      <span
                        class="pf-v5-c-menu-toggle__toggle-icon"
                      >
                        <svg
                          aria-hidden="true"
                          class="pf-v5-svg"
                          fill="currentColor"
                          height="1em"
                          role="img"
                          viewBox="0 0 320 512"
                          width="1em"
                        >
                          <path
                            d="M31.3 192h257.3c17.8 0 26.7 21.5 14.1 34.1L174.1 354.8c-7.8 7.8-20.5 7.8-28.3 0L17.2 226.1C4.6 213.5 13.5 192 31.3 192z"
                          />
                        </svg>
                      </span>
                    </span>
                  </button>
                </div>
              </div>
              <div
                class="pf-v5-c-toolbar__group pf-m-align-right"
              >
                <div
                  class="pf-v5-c-toolbar__item"
                >
                  <button
                    aria-expanded="false"
                    class="pf-v5-c-menu-toggle"
                    data-ouia-component-id="OUIA-Generated-MenuToggle-6"
                    data-ouia-component-type="PF5/MenuToggle"
                    data-ouia-safe="true"
                    data-testid="sk-time-range-filter-type"
                    type="button"
                  >
                    <span
                      class="pf-v5-c-menu-toggle__text"
                    >
                      <svg
                        aria-hidden="true"
                        class="pf-v5-svg"
                        fill="currentColor"
                        height="1em"
                        role="img"
                        viewBox="0 0 512 512"
                        width="1em"
                      >
                        <path
                          d="M256 8C119 8 8 119 8 256s111 248 248 248 248-111 248-248S393 8 256 8zm0 448c-110.5 0-200-89.5-200-200S145.5 56 256 56s200 89.5 200 200-89.5 200-200 200zm61.8-104.4l-84.9-61.7c-3.1-2.3-4.9-5.9-4.9-9.7V116c0-6.6 5.4-12 12-12h32c6.6 0 12 5.4 12 12v141.7l66.8 48.6c5.4 3.9 6.5 11.4 2.6 16.8L334.6 349c-3.9 5.3-11.4 6.5-16.8 2.6z"
                        />
                      </svg>
                       Last 1 min.
                    </span>
                    <span
                      class="pf-v5-c-menu-toggle__controls"
                    >
                      <span
                        class="pf-v5-c-menu-toggle__toggle-icon"
                      >
                        <svg
                          aria-hidden="true"
                          class="pf-v5-svg"
                          fill="currentColor"
                          height="1em"
                          role="img"
                          viewBox="0 0 320 512"
                          width="1em"
                        >
                          <path
                            d="M31.3 192h257.3c17.8 0 26.7 21.5 14.1 34.1L174.1 354.8c-7.8 7.8-20.5 7.8-28.3 0L17.2 226.1C4.6 213.5 13.5 192 31.3 192z"
                          />
                        </svg>
                      </span>
                    </span>
                  </button>
                </div>
              </div>
            </div>
          </div>
          <div
            class="pf-v5-c-toolbar__content pf-m-hidden"
            hidden=""
          >
            <div
              class="pf-v5-c-toolbar__group"
            />
          </div>
        </div>
      </section>
    </div>
    <div
      class="pf-v5-l-stack__item"
    >
      <div
        class="pf-v5-c-card pf-m-expanded"
        data-ouia-component-id="OUIA-Generated-Card-1"
        data-ouia-component-type="PF5/Card"
        data-ouia-safe="true"
        id=""
      >
        <div
          class="pf-v5-c-card__header"
        >
          <div
            class="pf-v5-c-card__header-toggle"
          >
            <button
              aria-disabled="false"
              class="pf-v5-c-button pf-m-plain"
              data-ouia-component-id="OUIA-Generated-Button-plain-1"
              data-ouia-component-type="PF5/Button"
              data-ouia-safe="true"
              type="button"
            >
              <span
                class="pf-v5-c-card__header-toggle-icon"
              >
                <svg
                  aria-hidden="true"
                  class="pf-v5-svg"
                  fill="currentColor"
                  height="1em"
                  role="img"
                  viewBox="0 0 256 512"
                  width="1em"
                >
                  <path
                    d="M224.3 273l-136 136c-9.4 9.4-24.6 9.4-33.9 0l-22.6-22.6c-9.4-9.4-9.4-24.6 0-33.9l96.4-96.4-96.4-96.4c-9.4-9.4-9.4-24.6 0-33.9L54.3 103c9.4-9.4 24.6-9.4 33.9 0l136 136c9.5 9.4 9.5 24.6.1 34z"
                  />
                </svg>
              </span>
            </button>
          </div>
          <div
            class="pf-v5-c-card__header-main"
          >
            <div
              class="pf-v5-c-card__title"
            >
              <div
                class="pf-v5-c-card__title-text"
              >
                Traffic
              </div>
            </div>
          </div>
        </div>
        <div
          class="pf-v5-c-card__expandable-content"
        >
          <div
            class="pf-v5-c-card__body"
            style="min-height: 450px;"
          >
            <div
              style="position: absolute; width: 100%; height: 100%; background-color: rgba(3, 3, 3, 0.1); left: 0px; right: 0px; top: 0px; bottom: 0px; z-index: 1;"
            >
              <div
                class="pf-v5-l-bullseye"
                data-testid="sk-loading-view"
              >
                <svg
                  aria-label="Contents"
                  aria-valuetext="Loading..."
                  class="pf-v5-c-spinner pf-m-xl"
                  role="progressbar"
                  style="--pf-v5-c-spinner--diameter: 150px;"
                  viewBox="0 0 100 100"
                >
                  <circle
                    class="pf-v5-c-spinner__path"
                    cx="50"
                    cy="50"
                    fill="none"
                    r="45"
                  />
                </svg>
              </div>
            </div>
          </div>
        </div>
      </div>
    </div>
    <div
      class="pf-v5-l-stack__item"
    >
      <div
        class="pf-v5-c-card"
        data-ouia-component-id="OUIA-Generated-Card-2"
        data-ouia-component-type="PF5/Card"
        data-ouia-safe="true"
        id=""
      >
        <div
          class="pf-v5-c-card__header"
        >
          <div
            class="pf-v5-c-card__header-toggle"
          >
            <button
              aria-disabled="false"
              class="pf-v5-c-button pf-m-plain"
              data-ouia-component-id="OUIA-Generated-Button-plain-2"
              data-ouia-component-type="PF5/Button"
              data-ouia-safe="true"
              type="button"
            >
              <span
                class="pf-v5-c-card__header-toggle-icon"
              >
                <svg
                  aria-hidden="true"
                  class="pf-v5-svg"
                  fill="currentColor"
                  height="1em"
                  role="img"
                  viewBox="0 0 256 512"
                  width="1em"
                >
                  <path
                    d="M224.3 273l-136 136c-9.4 9.4-24.6 9.4-33.9 0l-22.6-22.6c-9.4-9.4-9.4-24.6 0-33.9l96.4-96.4-96.4-96.4c-9.4-9.4-9.4-24.6 0-33.9L54.3 103c9.4-9.4 24.6-9.4 33.9 0l136 136c9.5 9.4 9.5 24.6.1 34z"
                  />
                </svg>
              </span>
            </button>
          </div>
          <div
            class="pf-v5-c-card__header-main"
          >
            <div
              class="pf-v5-c-card__title"
            >
              <div
                class="pf-v5-c-card__title-text"
              >
                Tcp connections
              </div>
            </div>
          </div>
        </div>
      </div>
    </div>
    <div
      class="pf-v5-l-stack__item"
    >
      <div
        class="pf-v5-c-card"
        data-ouia-component-id="OUIA-Generated-Card-3"
        data-ouia-component-type="PF5/Card"
        data-ouia-safe="true"
        id=""
      >
        <div
          class="pf-v5-c-card__header"
        >
          <div
            class="pf-v5-c-card__header-toggle"
          >
            <button
              aria-disabled="false"
              class="pf-v5-c-button pf-m-plain"
              data-ouia-component-id="OUIA-Generated-Button-plain-3"
              data-ouia-component-type="PF5/Button"
              data-ouia-safe="true"
              type="button"
            >
              <span
                class="pf-v5-c-card__header-toggle-icon"
              >
                <svg
                  aria-hidden="true"
                  class="pf-v5-svg"
                  fill="currentColor"
                  height="1em"
                  role="img"
                  viewBox="0 0 256 512"
                  width="1em"
                >
                  <path
                    d="M224.3 273l-136 136c-9.4 9.4-24.6 9.4-33.9 0l-22.6-22.6c-9.4-9.4-9.4-24.6 0-33.9l96.4-96.4-96.4-96.4c-9.4-9.4-9.4-24.6 0-33.9L54.3 103c9.4-9.4 24.6-9.4 33.9 0l136 136c9.5 9.4 9.5 24.6.1 34z"
                  />
                </svg>
              </span>
            </button>
          </div>
          <div
            class="pf-v5-c-card__header-main"
          >
            <div
              class="pf-v5-c-card__title"
            >
              <div
                class="pf-v5-c-card__title-text"
              >
                Incoming Latency 
                <div
                  style="display: contents;"
                >
                  <button
                    aria-disabled="false"
                    class="pf-v5-c-button pf-m-plain"
                    data-ouia-component-id="OUIA-Generated-Button-plain-4"
                    data-ouia-component-type="PF5/Button"
                    data-ouia-safe="true"
                    type="button"
                  >
                    <span
                      class="pf-v5-c-icon"
                    >
                      <span
                        class="pf-v5-c-icon__content pf-m-info"
                      >
                        <svg
                          aria-hidden="true"
                          class="pf-v5-svg"
                          fill="currentColor"
                          height="1em"
                          role="img"
                          viewBox="0 0 512 512"
                          width="1em"
                        >
                          <path
                            d="M504 256c0 136.997-111.043 248-248 248S8 392.997 8 256C8 119.083 119.043 8 256 8s248 111.083 248 248zM262.655 90c-54.497 0-89.255 22.957-116.549 63.758-3.536 5.286-2.353 12.415 2.715 16.258l34.699 26.31c5.205 3.947 12.621 3.008 16.665-2.122 17.864-22.658 30.113-35.797 57.303-35.797 20.429 0 45.698 13.148 45.698 32.958 0 14.976-12.363 22.667-32.534 33.976C247.128 238.528 216 254.941 216 296v4c0 6.627 5.373 12 12 12h56c6.627 0 12-5.373 12-12v-1.333c0-28.462 83.186-29.647 83.186-106.667 0-58.002-60.165-102-116.531-102zM256 338c-25.365 0-46 20.635-46 46 0 25.364 20.635 46 46 46s46-20.636 46-46c0-25.365-20.635-46-46-46z"
                          />
                        </svg>
                      </span>
                    </span>
                  </button>
                </div>
              </div>
            </div>
          </div>
        </div>
      </div>
    </div>
    <div
      class="pf-v5-l-stack__item"
    >
      <div
        class="pf-v5-c-card"
        data-ouia-component-id="OUIA-Generated-Card-4"
        data-ouia-component-type="PF5/Card"
        data-ouia-safe="true"
        id=""
      >
        <div
          class="pf-v5-c-card__header"
        >
          <div
            class="pf-v5-c-card__header-toggle"
          >
            <button
              aria-disabled="false"
              class="pf-v5-c-button pf-m-plain"
              data-ouia-component-id="OUIA-Generated-Button-plain-5"
              data-ouia-component-type="PF5/Button"
              data-ouia-safe="true"
              type="button"
            >
              <span
                class="pf-v5-c-card__header-toggle-icon"
              >
                <svg
                  aria-hidden="true"
                  class="pf-v5-svg"
                  fill="currentColor"
                  height="1em"
                  role="img"
                  viewBox="0 0 256 512"
                  width="1em"
                >
                  <path
                    d="M224.3 273l-136 136c-9.4 9.4-24.6 9.4-33.9 0l-22.6-22.6c-9.4-9.4-9.4-24.6 0-33.9l96.4-96.4-96.4-96.4c-9.4-9.4-9.4-24.6 0-33.9L54.3 103c9.4-9.4 24.6-9.4 33.9 0l136 136c9.5 9.4 9.5 24.6.1 34z"
                  />
                </svg>
              </span>
            </button>
          </div>
          <div
            class="pf-v5-c-card__header-main"
          >
            <div
              class="pf-v5-c-card__title"
            >
              <div
                class="pf-v5-c-card__title-text"
              >
                Outgoing Latency 
                <div
                  style="display: contents;"
                >
                  <button
                    aria-disabled="false"
                    class="pf-v5-c-button pf-m-plain"
                    data-ouia-component-id="OUIA-Generated-Button-plain-6"
                    data-ouia-component-type="PF5/Button"
                    data-ouia-safe="true"
                    type="button"
                  >
                    <span
                      class="pf-v5-c-icon"
                    >
                      <span
                        class="pf-v5-c-icon__content pf-m-info"
                      >
                        <svg
                          aria-hidden="true"
                          class="pf-v5-svg"
                          fill="currentColor"
                          height="1em"
                          role="img"
                          viewBox="0 0 512 512"
                          width="1em"
                        >
                          <path
                            d="M504 256c0 136.997-111.043 248-248 248S8 392.997 8 256C8 119.083 119.043 8 256 8s248 111.083 248 248zM262.655 90c-54.497 0-89.255 22.957-116.549 63.758-3.536 5.286-2.353 12.415 2.715 16.258l34.699 26.31c5.205 3.947 12.621 3.008 16.665-2.122 17.864-22.658 30.113-35.797 57.303-35.797 20.429 0 45.698 13.148 45.698 32.958 0 14.976-12.363 22.667-32.534 33.976C247.128 238.528 216 254.941 216 296v4c0 6.627 5.373 12 12 12h56c6.627 0 12-5.373 12-12v-1.333c0-28.462 83.186-29.647 83.186-106.667 0-58.002-60.165-102-116.531-102zM256 338c-25.365 0-46 20.635-46 46 0 25.364 20.635 46 46 46s46-20.636 46-46c0-25.365-20.635-46-46-46z"
                          />
                        </svg>
                      </span>
                    </span>
                  </button>
                </div>
              </div>
            </div>
          </div>
        </div>
      </div>
    </div>
    <div
      class="pf-v5-l-stack__item"
    >
      <div
        class="pf-v5-c-card"
        data-ouia-component-id="OUIA-Generated-Card-5"
        data-ouia-component-type="PF5/Card"
        data-ouia-safe="true"
        id=""
      >
        <div
          class="pf-v5-c-card__header"
        >
          <div
            class="pf-v5-c-card__header-toggle"
          >
            <button
              aria-disabled="false"
              class="pf-v5-c-button pf-m-plain"
              data-ouia-component-id="OUIA-Generated-Button-plain-7"
              data-ouia-component-type="PF5/Button"
              data-ouia-safe="true"
              type="button"
            >
              <span
                class="pf-v5-c-card__header-toggle-icon"
              >
                <svg
                  aria-hidden="true"
                  class="pf-v5-svg"
                  fill="currentColor"
                  height="1em"
                  role="img"
                  viewBox="0 0 256 512"
                  width="1em"
                >
                  <path
                    d="M224.3 273l-136 136c-9.4 9.4-24.6 9.4-33.9 0l-22.6-22.6c-9.4-9.4-9.4-24.6 0-33.9l96.4-96.4-96.4-96.4c-9.4-9.4-9.4-24.6 0-33.9L54.3 103c9.4-9.4 24.6-9.4 33.9 0l136 136c9.5 9.4 9.5 24.6.1 34z"
                  />
                </svg>
              </span>
            </button>
          </div>
          <div
            class="pf-v5-c-card__header-main"
          >
            <div
              class="pf-v5-c-card__title"
            >
              <div
                class="pf-v5-c-card__title-text"
              >
                Http requests
              </div>
            </div>
          </div>
        </div>
      </div>
    </div>
    <div
      class="pf-v5-l-stack__item"
    >
      <div
        class="pf-v5-c-card"
        data-ouia-component-id="OUIA-Generated-Card-6"
        data-ouia-component-type="PF5/Card"
        data-ouia-safe="true"
        id=""
      >
        <div
          class="pf-v5-c-card__header"
        >
          <div
            class="pf-v5-c-card__header-toggle"
          >
            <button
              aria-disabled="false"
              class="pf-v5-c-button pf-m-plain"
              data-ouia-component-id="OUIA-Generated-Button-plain-8"
              data-ouia-component-type="PF5/Button"
              data-ouia-safe="true"
              type="button"
            >
              <span
                class="pf-v5-c-card__header-toggle-icon"
              >
                <svg
                  aria-hidden="true"
                  class="pf-v5-svg"
                  fill="currentColor"
                  height="1em"
                  role="img"
                  viewBox="0 0 256 512"
                  width="1em"
                >
                  <path
                    d="M224.3 273l-136 136c-9.4 9.4-24.6 9.4-33.9 0l-22.6-22.6c-9.4-9.4-9.4-24.6 0-33.9l96.4-96.4-96.4-96.4c-9.4-9.4-9.4-24.6 0-33.9L54.3 103c9.4-9.4 24.6-9.4 33.9 0l136 136c9.5 9.4 9.5 24.6.1 34z"
                  />
                </svg>
              </span>
            </button>
          </div>
          <div
            class="pf-v5-c-card__header-main"
          >
            <div
              class="pf-v5-c-card__title"
            >
              <div
                class="pf-v5-c-card__title-text"
              >
                Http responses
              </div>
            </div>
          </div>
        </div>
      </div>
    </div>
  </div>
</DocumentFragment>
`;
